Product: MDK-ARM 64k 5.10
Component: ARM Compiler 5.04 update 1 (build 49)
Tool: armlink [5040049]

==============================================================================

Section Cross References

    startup_stm32f10x_md.o(STACK) refers (Special) to heapauxi.o(.text) for __use_two_region_memory
    startup_stm32f10x_md.o(HEAP) refers (Special) to heapauxi.o(.text) for __use_two_region_memory
    startup_stm32f10x_md.o(RESET) refers (Special) to heapauxi.o(.text) for __use_two_region_memory
    startup_stm32f10x_md.o(RESET) refers to startup_stm32f10x_md.o(STACK) for __initial_sp
    startup_stm32f10x_md.o(RESET) refers to startup_stm32f10x_md.o(.text) for Reset_Handler
    startup_stm32f10x_md.o(RESET) refers to control.o(.text) for TIM1_UP_IRQHandler
    startup_stm32f10x_md.o(RESET) refers to timer.o(.text) for TIM3_IRQHandler
    startup_stm32f10x_md.o(RESET) refers to usart2.o(.text) for USART2_IRQHandler
    startup_stm32f10x_md.o(.text) refers (Special) to heapauxi.o(.text) for __use_two_region_memory
    startup_stm32f10x_md.o(.text) refers to __main.o(!!!main) for __main
    startup_stm32f10x_md.o(.text) refers to startup_stm32f10x_md.o(HEAP) for Heap_Mem
    startup_stm32f10x_md.o(.text) refers to startup_stm32f10x_md.o(STACK) for Stack_Mem
    minibalance.o(.text) refers to _printf_percent.o(.ARM.Collect$$_printf_percent$$00000000) for _printf_percent
    minibalance.o(.text) refers to _printf_f.o(.ARM.Collect$$_printf_percent$$00000003) for _printf_f
    minibalance.o(.text) refers to printf1.o(x$fpl$printf1) for _printf_fp_dec
    minibalance.o(.text) refers to mpu6050.o(.text) for Read_DMP
    minibalance.o(.text) refers to timer.o(.text) for Read_Distane
    minibalance.o(.text) refers to show.o(.text) for oled_show
    minibalance.o(.text) refers to f2d.o(x$fpl$f2d) for __aeabi_f2d
    minibalance.o(.text) refers to noretval__2printf.o(.text) for __2printf
    minibalance.o(.text) refers to control.o(.text) for init_Set_Pwm
    minibalance.o(.text) refers to sys.o(.text) for Stm32_Clock_Init
    minibalance.o(.text) refers to delay.o(.text) for delay_init
    minibalance.o(.text) refers to led.o(.text) for LED_Init
    minibalance.o(.text) refers to key.o(.text) for KEY_Init
    minibalance.o(.text) refers to oled.o(.text) for OLED_Init
    minibalance.o(.text) refers to usart.o(.text) for uart_init
    minibalance.o(.text) refers to usart2.o(.text) for uart2_init
    minibalance.o(.text) refers to motor.o(.text) for MiniBalance_PWM_Init
    minibalance.o(.text) refers to ioi2c.o(.text) for IIC_Init
    minibalance.o(.text) refers to minibalance.o(.data) for Way_Angle
    minibalance.o(.text) refers to mpu6050.o(.data) for Roll
    minibalance.o(.text) refers to control.o(.data) for SuspendPower
    delay.o(.text) refers to delay.o(.data) for fac_us
    sys.o(.text) refers to sys.o(.emb_text) for WFI_SET
    usart.o(.text) refers (Special) to use_no_semi_2.o(.text) for __use_no_semihosting
    usart.o(.text) refers to fflt_clz.o(x$fpl$ffltu) for __aeabi_ui2f
    usart.o(.text) refers to fdiv.o(x$fpl$fdiv) for __aeabi_fdiv
    usart.o(.text) refers to ffixu.o(x$fpl$ffixu) for __aeabi_f2uiz
    usart.o(.text) refers to faddsub_clz.o(x$fpl$frsb) for __aeabi_frsub
    usart.o(.text) refers to fmul.o(x$fpl$fmul) for __aeabi_fmul
    usart.o(.text) refers to minibalance.o(.data) for Flag_Show
    usart.o(.data) refers (Special) to use_no_semi_2.o(.text) for __use_no_semihosting
    led.o(.text) refers to led.o(.data) for temp
    key.o(.text) refers to key.o(.data) for flag_key
    oled.o(.text) refers to delay.o(.text) for delay_ms
    oled.o(.text) refers to oled.o(.bss) for OLED_GRAM
    oled.o(.text) refers to oled.o(.constdata) for oled_asc2_1206
    adc.o(.text) refers to dflt_clz.o(x$fpl$dfltu) for __aeabi_ui2d
    adc.o(.text) refers to dmul.o(x$fpl$dmul) for __aeabi_dmul
    adc.o(.text) refers to ddiv.o(x$fpl$ddiv) for __aeabi_ddiv
    adc.o(.text) refers to dfix.o(x$fpl$dfix) for __aeabi_d2iz
    adc.o(.text) refers to usart.o(.text) for usart1_send
    adc.o(.text) refers to delay.o(.text) for delay_ms
    adc.o(.text) refers to adc.o(.bss) for ADV
    timer.o(.text) refers to _printf_percent.o(.ARM.Collect$$_printf_percent$$00000000) for _printf_percent
    timer.o(.text) refers to _printf_d.o(.ARM.Collect$$_printf_percent$$00000009) for _printf_d
    timer.o(.text) refers to _printf_dec.o(.text) for _printf_int_dec
    timer.o(.text) refers to sys.o(.text) for MY_NVIC_Init
    timer.o(.text) refers to delay.o(.text) for delay_us
    timer.o(.text) refers to noretval__2printf.o(.text) for __2printf
    timer.o(.text) refers to timer.o(.data) for TIM3CH3_CAPTURE_STA
    timer.o(.text) refers to minibalance.o(.data) for Distance
    ioi2c.o(.text) refers to delay.o(.text) for delay_us
    24l01.o(.text) refers to _printf_percent.o(.ARM.Collect$$_printf_percent$$00000000) for _printf_percent
[...]
    .ARM.Collect$$libinit$$0000002A          0x08000182   Section        0  libinit2.o(.ARM.Collect$$libinit$$0000002A)
    .ARM.Collect$$libinit$$0000002C          0x08000182   Section        0  libinit2.o(.ARM.Collect$$libinit$$0000002C)
    .ARM.Collect$$libinit$$0000002E          0x08000182   Section        0  libinit2.o(.ARM.Collect$$libinit$$0000002E)
    .ARM.Collect$$libinit$$00000030          0x08000182   Section        0  libinit2.o(.ARM.Collect$$libinit$$00000030)
    .ARM.Collect$$libinit$$00000031          0x08000182   Section        2  libinit2.o(.ARM.Collect$$libinit$$00000031)
    .ARM.Collect$$libshutdown$$00000000      0x08000184   Section        2  libshutdown.o(.ARM.Collect$$libshutdown$$00000000)
    .ARM.Collect$$libshutdown$$00000003      0x08000186   Section        0  libshutdown2.o(.ARM.Collect$$libshutdown$$00000003)
    .ARM.Collect$$libshutdown$$00000006      0x08000186   Section        0  libshutdown2.o(.ARM.Collect$$libshutdown$$00000006)
    .ARM.Collect$$libshutdown$$00000009      0x08000186   Section        0  libshutdown2.o(.ARM.Collect$$libshutdown$$00000009)
    .ARM.Collect$$libshutdown$$0000000B      0x08000186   Section        0  libshutdown2.o(.ARM.Collect$$libshutdown$$0000000B)
    .ARM.Collect$$libshutdown$$0000000E      0x08000186   Section        0  libshutdown2.o(.ARM.Collect$$libshutdown$$0000000E)
    .ARM.Collect$$libshutdown$$0000000F      0x08000186   Section        2  libshutdown2.o(.ARM.Collect$$libshutdown$$0000000F)
    .ARM.Collect$$rtentry$$00000000          0x08000188   Section        0  rtentry.o(.ARM.Collect$$rtentry$$00000000)
    .ARM.Collect$$rtentry$$00000002          0x08000188   Section        0  rtentry2.o(.ARM.Collect$$rtentry$$00000002)
    .ARM.Collect$$rtentry$$00000004          0x08000188   Section        6  rtentry4.o(.ARM.Collect$$rtentry$$00000004)
    .ARM.Collect$$rtentry$$00000009          0x0800018e   Section        0  rtentry2.o(.ARM.Collect$$rtentry$$00000009)
    .ARM.Collect$$rtentry$$0000000A          0x0800018e   Section        4  rtentry2.o(.ARM.Collect$$rtentry$$0000000A)
    .ARM.Collect$$rtentry$$0000000C          0x08000192   Section        0  rtentry2.o(.ARM.Collect$$rtentry$$0000000C)
    .ARM.Collect$$rtentry$$0000000D          0x08000192   Section        8  rtentry2.o(.ARM.Collect$$rtentry$$0000000D)
    .ARM.Collect$$rtexit$$00000000           0x0800019a   Section        2  rtexit.o(.ARM.Collect$$rtexit$$00000000)
    .ARM.Collect$$rtexit$$00000002           0x0800019c   Section        0  rtexit2.o(.ARM.Collect$$rtexit$$00000002)
    .ARM.Collect$$rtexit$$00000003           0x0800019c   Section        4  rtexit2.o(.ARM.Collect$$rtexit$$00000003)
    .ARM.Collect$$rtexit$$00000004           0x080001a0   Section        6  rtexit2.o(.ARM.Collect$$rtexit$$00000004)
    .emb_text                                0x080001a8   Section       12  sys.o(.emb_text)
    .text                                    0x080001b4   Section       56  startup_stm32f10x_md.o(.text)
    .text                                    0x080001ec   Section        0  minibalance.o(.text)
    .text                                    0x08000630   Section        0  delay.o(.text)
    .text                                    0x080006e0   Section        0  sys.o(.text)
    .text                                    0x0800099c   Section        0  usart.o(.text)
    .text                                    0x08000ac0   Section        0  led.o(.text)
    .text                                    0x08000b2c   Section        0  key.o(.text)
    .text                                    0x08000c2c   Section        0  oled.o(.text)
    .text                                    0x080010a8   Section        0  timer.o(.text)
    .text                                    0x080013a0   Section        0  motor.o(.text)
    .text                                    0x08001490   Section        0  ioi2c.o(.text)
    .text                                    0x0800199c   Section        0  usart2.o(.text)
    .text                                    0x08001ab0   Section        0  control.o(.text)
    .text                                    0x080027d8   Section        0  inv_mpu.o(.text)
    set_int_enable                           0x080027d9   Thumb Code   138  inv_mpu.o(.text)
    get_accel_prod_shift                     0x08003a21   Thumb Code   168  inv_mpu.o(.text)
    accel_self_test                          0x08003ac9   Thumb Code   164  inv_mpu.o(.text)
    gyro_self_test                           0x08003b6d   Thumb Code   280  inv_mpu.o(.text)
    get_st_biases                            0x08003c85   Thumb Code  1136  inv_mpu.o(.text)
    .text                                    0x08004668   Section        0  inv_mpu_dmp_motion_driver.o(.text)
    decode_gesture                           0x0800511d   Thumb Code    94  inv_mpu_dmp_motion_driver.o(.text)
    .text                                    0x080053d8   Section        0  mpu6050.o(.text)
    inv_row_2_scale                          0x080053d9   Thumb Code    78  mpu6050.o(.text)
    inv_orientation_matrix_to_scalar         0x08005427   Thumb Code    40  mpu6050.o(.text)
    run_self_test                            0x0800544f   Thumb Code   150  mpu6050.o(.text)
    .text                                    0x08005cc8   Section        0  show.o(.text)
    .text                                    0x08005e5c   Section        2  use_no_semi_2.o(.text)
    .text                                    0x08005e5e   Section       72  llsdiv.o(.text)
    .text                                    0x08005ea8   Section        0  noretval__2printf.o(.text)
    .text                                    0x08005ec0   Section        0  __printf.o(.text)
    .text                                    0x08005f28   Section        0  _printf_dec.o(.text)
    .text                                    0x08005f9c   Section        0  memcmp.o(.text)
    .text                                    0x08005ff4   Section       16  aeabi_memset.o(.text)
    .text                                    0x08006004   Section        0  heapauxi.o(.text)
    .text                                    0x0800600a   Section        2  use_no_semi.o(.text)
    .text                                    0x0800600c   Section      238  lludivv7m.o(.text)
    .text                                    0x080060fa   Section        0  _rserrno.o(.text)
    .text                                    0x08006110   Section        0  _printf_intcommon.o(.text)
    .text                                    0x080061c2   Section        0  _printf_fp_dec.o(.text)
    _fp_digits                               0x080061c5   Thumb Code   428  _printf_fp_dec.o(.text)
    .text                                    0x080065d8   Section        0  _printf_char_file.o(.text)
    .text                                    0x080065fc   Section       68  rt_memclr.o(.text)
    .text                                    0x08006640   Section        8  rt_locale_intlibspace.o(.text)
    .text                                    0x08006648   Section        8  rt_errno_addr_intlibspace.o(.text)
    .text                                    0x08006650   Section      138  lludiv10.o(.text)
    .text                                    0x080066dc   Section        0  _printf_char_common.o(.text)
    _printf_input_char                       0x080066dd   Thumb Code    10  _printf_char_common.o(.text)
    .text                                    0x0800670c   Section        0  _printf_fp_infnan.o(.text)
    .text                                    0x0800678c   Section        0  bigflt0.o(.text)
    .text                                    0x08006864   Section        0  ferror.o(.text)
    .text                                    0x0800686c   Section       78  rt_memclr_w.o(.text)
    .text                                    0x080068bc   Section        8  libspace.o(.text)
    .text                                    0x080068c4   Section       74  sys_stackheap_outer.o(.text)
    .text                                    0x0800690e   Section        0  exit.o(.text)
    .text                                    0x0800691c   Section      128  strcmpv7m.o(.text)
    CL$$btod_d2e                             0x0800699c   Section       62  btod.o(CL$$btod_d2e)
    CL$$btod_d2e_denorm_low                  0x080069da   Section       70  btod.o(CL$$btod_d2e_denorm_low)
    CL$$btod_d2e_norm_op1                    0x08006a20   Section       96  btod.o(CL$$btod_d2e_norm_op1)
    CL$$btod_div_common                      0x08006a80   Section      824  btod.o(CL$$btod_div_common)
    CL$$btod_e2e                             0x08006db8   Section      198  btod.o(CL$$btod_e2e)
    CL$$btod_ediv                            0x08006e7e   Section       40  btod.o(CL$$btod_ediv)
    CL$$btod_emul                            0x08006ea6   Section       40  btod.o(CL$$btod_emul)
    CL$$btod_mult_common                     0x08006ece   Section      580  btod.o(CL$$btod_mult_common)
    i.__ARM_fpclassify                       0x08007112   Section        0  fpclassify.o(i.__ARM_fpclassify)
    i.__kernel_poly                          0x0800713a   Section        0  poly.o(i.__kernel_poly)
    i.__mathlib_dbl_underflow                0x080071e4   Section        0  dunder.o(i.__mathlib_dbl_underflow)
    i.asin                                   0x080071f4   Section        0  asin.o(i.asin)
    i.atan                                   0x08007470   Section        0  atan.o(i.atan)
    i.atan2                                  0x08007694   Section        0  atan2.o(i.atan2)
    i.sqrt                                   0x08007814   Section        0  sqrt.o(i.sqrt)
    locale$$code                             0x08007860   Section       44  lc_numeric_c.o(locale$$code)
    x$fpl$d2f                                0x0800788c   Section       98  d2f.o(x$fpl$d2f)
    x$fpl$dadd                               0x080078f0   Section      336  daddsub_clz.o(x$fpl$dadd)
    _dadd1                                   0x08007901   Thumb Code     0  daddsub_clz.o(x$fpl$dadd)
    x$fpl$dcheck1                            0x08007a40   Section       16  dcheck1.o(x$fpl$dcheck1)
    x$fpl$ddiv                               0x08007a50   Section      688  ddiv.o(x$fpl$ddiv)
    ddiv_entry                               0x08007a57   Thumb Code     0  ddiv.o(x$fpl$ddiv)
    x$fpl$dmul                               0x08007d00   Section      340  dmul.o(x$fpl$dmul)
    x$fpl$dnaninf                            0x08007e54   Section      156  dnaninf.o(x$fpl$dnaninf)
    x$fpl$dretinf                            0x08007ef0   Section       12  dretinf.o(x$fpl$dretinf)
    x$fpl$drsb                               0x08007efc   Section       22  daddsub_clz.o(x$fpl$drsb)
    x$fpl$dsqrt                              0x08007f14   Section      460  dsqrt_noumaal.o(x$fpl$dsqrt)
    x$fpl$dsub                               0x080080e0   Section      468  daddsub_clz.o(x$fpl$dsub)
    _dsub1                                   0x080080f1   Thumb Code     0  daddsub_clz.o(x$fpl$dsub)
    x$fpl$f2d                                0x080082b4   Section       86  f2d.o(x$fpl$f2d)
    x$fpl$fadd                               0x0800830c   Section      196  faddsub_clz.o(x$fpl$fadd)
    _fadd1                                   0x0800831b   Thumb Code     0  faddsub_clz.o(x$fpl$fadd)
    x$fpl$fcmpinf                            0x080083d0   Section       24  fcmpi.o(x$fpl$fcmpinf)
    x$fpl$fdiv                               0x080083e8   Section      388  fdiv.o(x$fpl$fdiv)
    _fdiv1                                   0x080083e9   Thumb Code     0  fdiv.o(x$fpl$fdiv)
    x$fpl$feqf                               0x0800856c   Section      104  feqf.o(x$fpl$feqf)
    x$fpl$ffix                               0x080085d4   Section       54  ffix.o(x$fpl$ffix)
    x$fpl$ffixu                              0x0800860c   Section       62  ffixu.o(x$fpl$ffixu)
    x$fpl$fflt                               0x0800864c   Section       48  fflt_clz.o(x$fpl$fflt)
    x$fpl$ffltu                              0x0800867c   Section       38  fflt_clz.o(x$fpl$ffltu)
    x$fpl$fleqf                              0x080086a4   Section      104  fleqf.o(x$fpl$fleqf)
    x$fpl$fmul                               0x0800870c   Section      258  fmul.o(x$fpl$fmul)
    x$fpl$fnaninf                            0x0800880e   Section      140  fnaninf.o(x$fpl$fnaninf)
    x$fpl$fretinf                            0x0800889a   Section       10  fretinf.o(x$fpl$fretinf)
    x$fpl$frleqf                             0x080088a4   Section       98  frleqf.o(x$fpl$frleqf)
    x$fpl$frsb                               0x08008906   Section       20  faddsub_clz.o(x$fpl$frsb)
    x$fpl$fsub                               0x0800891c   Section      234  faddsub_clz.o(x$fpl$fsub)
    _fsub1                                   0x0800892b   Thumb Code     0  faddsub_clz.o(x$fpl$fsub)
    x$fpl$printf1                            0x08008a06   Section        4  printf1.o(x$fpl$printf1)
    x$fpl$retnan                             0x08008a0a   Section      100  retnan.o(x$fpl$retnan)
    x$fpl$scalbn                             0x08008a6e   Section       92  scalbn.o(x$fpl$scalbn)
    x$fpl$trapveneer                         0x08008aca   Section       48  trapv.o(x$fpl$trapveneer)
    .constdata                               0x08008afa   Section     2660  oled.o(.constdata)
    x$fpl$usenofp                            0x08008afa   Section        0  usenofp.o(x$fpl$usenofp)
    .constdata                               0x08009560   Section       80  inv_mpu.o(.constdata)
    .constdata                               0x080095b0   Section     3062  inv_mpu_dmp_motion_driver.o(.constdata)
    dmp_memory                               0x080095b0   Data        3062  inv_mpu_dmp_motion_driver.o(.constdata)
    .constdata                               0x0800a1a8   Section       80  asin.o(.constdata)
    pS                                       0x0800a1a8   Data          48  asin.o(.constdata)
    qS                                       0x0800a1d8   Data          32  asin.o(.constdata)
    .constdata                               0x0800a1f8   Section      152  atan.o(.constdata)
    atanhi                                   0x0800a1f8   Data          32  atan.o(.constdata)
    atanlo                                   0x0800a218   Data          32  atan.o(.constdata)
    aTodd                                    0x0800a238   Data          40  atan.o(.constdata)
    aTeven                                   0x0800a260   Data          48  atan.o(.constdata)
    .constdata                               0x0800a290   Section        8  qnan.o(.constdata)
    .constdata                               0x0800a298   Section      148  bigflt0.o(.constdata)
    tenpwrs_x                                0x0800a298   Data          60  bigflt0.o(.constdata)
    tenpwrs_i                                0x0800a2d4   Data          64  bigflt0.o(.constdata)
    .conststring                             0x0800a32c   Section       78  inv_mpu.o(.conststring)
    locale$$data                             0x0800a39c   Section       28  lc_numeric_c.o(locale$$data)
    __lcnum_c_name                           0x0800a3a0   Data           2  lc_numeric_c.o(locale$$data)
    __lcnum_c_start                          0x0800a3a8   Data           0  lc_numeric_c.o(locale$$data)
    __lcnum_c_point                          0x0800a3b4   Data           0  lc_numeric_c.o(locale$$data)
    __lcnum_c_thousands                      0x0800a3b6   Data           0  lc_numeric_c.o(locale$$data)
    __lcnum_c_grouping                       0x0800a3b7   Data           0  lc_numeric_c.o(locale$$data)
    __lcnum_c_end                            0x0800a3b8   Data           0  lc_numeric_c.o(locale$$data)
    .data                                    0x20000000   Section       92  minibalance.o(.data)
    .data                                    0x2000005c   Section        4  delay.o(.data)
    fac_us                                   0x2000005c   Data           1  delay.o(.data)
    fac_ms                                   0x2000005e   Data           2  delay.o(.data)
    .data                                    0x20000060   Section        4  usart.o(.data)
    .data                                    0x20000064   Section        4  led.o(.data)
    temp                                     0x20000064   Data           4  led.o(.data)
    .data                                    0x20000068   Section        7  key.o(.data)
    flag_key                                 0x20000068   Data           1  key.o(.data)
    count_key                                0x20000069   Data           1  key.o(.data)
    double_key                               0x2000006a   Data           1  key.o(.data)
    count_single                             0x2000006c   Data           2  key.o(.data)
    flag_key                                 0x2000006e   Data           1  key.o(.data)
    .data                                    0x20000070   Section        4  timer.o(.data)
    .data                                    0x20000074   Section       24  control.o(.data)
    .data                                    0x2000008c   Section       44  inv_mpu.o(.data)
    st                                       0x2000008c   Data          44  inv_mpu.o(.data)
    .data                                    0x200000b8   Section       60  mpu6050.o(.data)
    gyro_orientation                         0x200000e4   Data           9  mpu6050.o(.data)
    .bss                                     0x200000f4   Section     1024  oled.o(.bss)
    .bss                                     0x200004f4   Section       16  inv_mpu_dmp_motion_driver.o(.bss)
    dmp                                      0x200004f4   Data          16  inv_mpu_dmp_motion_driver.o(.bss)
    .bss                                     0x20000504   Section      146  mpu6050.o(.bss)
    .bss                                     0x20000598   Section       96  libspace.o(.bss)
    HEAP                                     0x200005f8   Section      512  startup_stm32f10x_md.o(HEAP)
    Heap_Mem                                 0x200005f8   Data         512  startup_stm32f10x_md.o(HEAP)
    STACK                                    0x200007f8   Section     1024  startup_stm32f10x_md.o(STACK)
    Stack_Mem                                0x200007f8   Data        1024  startup_stm32f10x_md.o(STACK)
    __initial_sp                             0x20000bf8   Data           0  startup_stm32f10x_md.o(STACK)

    Global Symbols

    Symbol Name                              Value     Ov Type        Size  Object(Section)

    BuildAttributes$$THM_ISAv4$P$D$K$B$S$PE$A:L22UL41UL21$X:L11$S22US41US21$IEEE1$IW$USESV6$~STKCKD$USESV7$~SHL$OTIME$ROPI$IEEEX$EBA8$UX$STANDARDLIB$REQ8$PRES8$EABIv2 0x00000000   Number         0  anon$$obj.o ABSOLUTE
    __ARM_use_no_argv                        0x00000000   Number         0  minibalance.o ABSOLUTE
    __ARM_exceptions_init                     - Undefined Weak Reference
    __alloca_initialize                       - Undefined Weak Reference
    __cpp_initialize__aeabi_                  - Undefined Weak Reference
    __cxa_finalize                            - Undefined Weak Reference
    __sigvec_lookup                           - Undefined Weak Reference
    _atexit_init                              - Undefined Weak Reference
    _call_atexit_fns                          - Undefined Weak Reference
    _clock_init                               - Undefined Weak Reference
    _fp_trap_init                             - Undefined Weak Reference
    _fp_trap_shutdown                         - Undefined Weak Reference
    _get_lc_collate                           - Undefined Weak Reference
    _get_lc_ctype                             - Undefined Weak Reference
    _get_lc_monetary                          - Undefined Weak Reference
    _get_lc_time                              - Undefined Weak Reference
    _getenv_init                              - Undefined Weak Reference
    _handle_redirection                       - Undefined Weak Reference
    _init_alloc                               - Undefined Weak Reference
    _init_user_alloc                          - Undefined Weak Reference
    _initio                                   - Undefined Weak Reference
    _mutex_acquire                            - Undefined Weak Reference
    _mutex_release                            - Undefined Weak Reference
    _printf_post_padding                      - Undefined Weak Reference
    _printf_pre_padding                       - Undefined Weak Reference
    _printf_truncate_signed                   - Undefined Weak Reference
    _printf_truncate_unsigned                 - Undefined Weak Reference
    _rand_init                                - Undefined Weak Reference
    _signal_finish                            - Undefined Weak Reference
    _signal_init                              - Undefined Weak Reference
    _terminate_alloc                          - Undefined Weak Reference
    _terminate_user_alloc                     - Undefined Weak Reference
    _terminateio                              - Undefined Weak Reference
    __Vectors_Size                           0x000000ec   Number         0  startup_stm32f10x_md.o ABSOLUTE
    __Vectors                                0x08000000   Data           4  startup_stm32f10x_md.o(RESET)
    __Vectors_End                            0x080000ec   Data           0  startup_stm32f10x_md.o(RESET)
    __main                                   0x080000ed   Thumb Code     8  __main.o(!!!main)
    __scatterload                            0x080000f5   Thumb Code     0  __scatter.o(!!!scatter)
    __scatterload_rt2                        0x080000f5   Thumb Code    44  __scatter.o(!!!scatter)
    __scatterload_rt2_thumb_only             0x080000f5   Thumb Code     0  __scatter.o(!!!scatter)
    __scatterload_null                       0x08000103   Thumb Code     0  __scatter.o(!!!scatter)
    __scatterload_copy                       0x08000129   Thumb Code    26  __scatter_copy.o(!!handler_copy)
    __scatterload_zeroinit                   0x08000145   Thumb Code    28  __scatter_zi.o(!!handler_zi)
    _printf_f                                0x08000161   Thumb Code     0  _printf_f.o(.ARM.Collect$$_printf_percent$$00000003)
    _printf_percent                          0x08000161   Thumb Code     0  _printf_percent.o(.ARM.Collect$$_printf_percent$$00000000)
    _printf_d                                0x08000167   Thumb Code     0  _printf_d.o(.ARM.Collect$$_printf_percent$$00000009)
    _printf_percent_end                      0x0800016d   Thumb Code     0  _printf_percent_end.o(.ARM.Collect$$_printf_percent$$00000017)
    __rt_lib_init                            0x08000171   Thumb Code     0  libinit.o(.ARM.Collect$$libinit$$00000000)
    __rt_lib_init_fp_1                       0x08000173   Thumb Code     0  libinit2.o(.ARM.Collect$$libinit$$00000002)
    __rt_lib_init_heap_1                     0x08000173   Thumb Code     0  libinit2.o(.ARM.Collect$$libinit$$00000008)
    __rt_lib_init_lc_common                  0x08000173   Thumb Code     0  libinit2.o(.ARM.Collect$$libinit$$0000000D)
    __rt_lib_init_rand_1                     0x08000173   Thumb Code     0  libinit2.o(.ARM.Collect$$libinit$$0000000C)
    __rt_lib_init_user_alloc_1               0x08000173   Thumb Code     0  libinit2.o(.ARM.Collect$$libinit$$0000000A)
    __rt_lib_init_lc_collate_1               0x08000179   Thumb Code     0  libinit2.o(.ARM.Collect$$libinit$$0000000F)
    __rt_lib_init_lc_ctype_1                 0x08000179   Thumb Code     0  libinit2.o(.ARM.Collect$$libinit$$00000011)
    __rt_lib_init_lc_monetary_1              0x08000179   Thumb Code     0  libinit2.o(.ARM.Collect$$libinit$$00000013)
    __rt_lib_init_lc_numeric_2               0x08000179   Thumb Code     0  libinit2.o(.ARM.Collect$$libinit$$00000014)
    __rt_lib_init_alloca_1                   0x08000183   Thumb Code     0  libinit2.o(.ARM.Collect$$libinit$$0000002C)
    __rt_lib_init_argv_1                     0x08000183   Thumb Code     0  libinit2.o(.ARM.Collect$$libinit$$0000002A)
    __rt_lib_init_atexit_1                   0x08000183   Thumb Code     0  libinit2.o(.ARM.Collect$$libinit$$00000019)
    __rt_lib_init_clock_1                    0x08000183   Thumb Code     0  libinit2.o(.ARM.Collect$$libinit$$0000001F)
    __rt_lib_init_cpp_1                      0x08000183   Thumb Code     0  libinit2.o(.ARM.Collect$$libinit$$00000030)
    __rt_lib_init_exceptions_1               0x08000183   Thumb Code     0  libinit2.o(.ARM.Collect$$libinit$$0000002E)
    __rt_lib_init_fp_trap_1                  0x08000183   Thumb Code     0  libinit2.o(.ARM.Collect$$libinit$$0000001D)
    __rt_lib_init_getenv_1                   0x08000183   Thumb Code     0  libinit2.o(.ARM.Collect$$libinit$$00000021)
    __rt_lib_init_lc_numeric_1               0x08000183   Thumb Code     0  libinit2.o(.ARM.Collect$$libinit$$00000015)
    __rt_lib_init_lc_time_1                  0x08000183   Thumb Code     0  libinit2.o(.ARM.Collect$$libinit$$00000017)
    __rt_lib_init_return                     0x08000183   Thumb Code     0  libinit2.o(.ARM.Collect$$libinit$$00000031)
    __rt_lib_init_signal_1                   0x08000183   Thumb Code     0  libinit2.o(.ARM.Collect$$libinit$$0000001B)
    __rt_lib_init_stdio_1                    0x08000183   Thumb Code     0  libinit2.o(.ARM.Collect$$libinit$$00000023)
    __rt_lib_shutdown                        0x08000185   Thumb Code     0  libshutdown.o(.ARM.Collect$$libshutdown$$00000000)
    __rt_lib_shutdown_fp_trap_1              0x08000187   Thumb Code     0  libshutdown2.o(.ARM.Collect$$libshutdown$$00000006)
    __rt_lib_shutdown_heap_1                 0x08000187   Thumb Code     0  libshutdown2.o(.ARM.Collect$$libshutdown$$0000000E)
    __rt_lib_shutdown_return                 0x08000187   Thumb Code     0  libshutdown2.o(.ARM.Collect$$libshutdown$$0000000F)
    __rt_lib_shutdown_signal_1               0x08000187   Thumb Code     0  libshutdown2.o(.ARM.Collect$$libshutdown$$00000009)
    __rt_lib_shutdown_stdio_1                0x08000187   Thumb Code     0  libshutdown2.o(.ARM.Collect$$libshutdown$$00000003)
    __rt_lib_shutdown_user_alloc_1           0x08000187   Thumb Code     0  libshutdown2.o(.ARM.Collect$$libshutdown$$0000000B)
    __rt_entry                               0x08000189   Thumb Code     0  rtentry.o(.ARM.Collect$$rtentry$$00000000)
    __rt_entry_presh_1                       0x08000189   Thumb Code     0  rtentry2.o(.ARM.Collect$$rtentry$$00000002)
    __rt_entry_sh                            0x08000189   Thumb Code     0  rtentry4.o(.ARM.Collect$$rtentry$$00000004)
    __rt_entry_li                            0x0800018f   Thumb Code     0  rtentry2.o(.ARM.Collect$$rtentry$$0000000A)
    __rt_entry_postsh_1                      0x0800018f   Thumb Code     0  rtentry2.o(.ARM.Collect$$rtentry$$00000009)
    __rt_entry_main                          0x08000193   Thumb Code     0  rtentry2.o(.ARM.Collect$$rtentry$$0000000D)
    __rt_entry_postli_1                      0x08000193   Thumb Code     0  rtentry2.o(.ARM.Collect$$rtentry$$0000000C)
    __rt_exit                                0x0800019b   Thumb Code     0  rtexit.o(.ARM.Collect$$rtexit$$00000000)
    __rt_exit_ls                             0x0800019d   Thumb Code     0  rtexit2.o(.ARM.Collect$$rtexit$$00000003)
    __rt_exit_prels_1                        0x0800019d   Thumb Code     0  rtexit2.o(.ARM.Collect$$rtexit$$00000002)
    __rt_exit_exit                           0x080001a1   Thumb Code     0  rtexit2.o(.ARM.Collect$$rtexit$$00000004)
    WFI_SET                                  0x080001a9   Thumb Code     2  sys.o(.emb_text)
    INTX_DISABLE                             0x080001ab   Thumb Code     2  sys.o(.emb_text)
    INTX_ENABLE                              0x080001ad   Thumb Code     2  sys.o(.emb_text)
    MSR_MSP                                  0x080001af   Thumb Code     6  sys.o(.emb_text)
    Reset_Handler                            0x080001b5   Thumb Code     4  startup_stm32f10x_md.o(.text)
    NMI_Handler                              0x080001b9   Thumb Code     2  startup_stm32f10x_md.o(.text)
    HardFault_Handler                        0x080001bb   Thumb Code     2  startup_stm32f10x_md.o(.text)
    MemManage_Handler                        0x080001bd   Thumb Code     2  startup_stm32f10x_md.o(.text)
    BusFault_Handler                         0x080001bf   Thumb Code     2  startup_stm32f10x_md.o(.text)
    UsageFault_Handler                       0x080001c1   Thumb Code     2  startup_stm32f10x_md.o(.text)
    SVC_Handler                              0x080001c3   Thumb Code     2  startup_stm32f10x_md.o(.text)
    DebugMon_Handler                         0x080001c5   Thumb Code     2  startup_stm32f10x_md.o(.text)
    PendSV_Handler                           0x080001c7   Thumb Code     2  startup_stm32f10x_md.o(.text)
    SysTick_Handler                          0x080001c9   Thumb Code     2  startup_stm32f10x_md.o(.text)
    ADC1_2_IRQHandler                        0x080001cb   Thumb Code     0  startup_stm32f10x_md.o(.text)
    CAN1_RX1_IRQHandler                      0x080001cb   Thumb Code     0  startup_stm32f10x_md.o(.text)
    CAN1_SCE_IRQHandler                      0x080001cb   Thumb Code     0  startup_stm32f10x_md.o(.text)
    DMA1_Channel1_IRQHandler                 0x080001cb   Thumb Code     0  startup_stm32f10x_md.o(.text)
    DMA1_Channel2_IRQHandler                 0x080001cb   Thumb Code     0  startup_stm32f10x_md.o(.text)
    DMA1_Channel3_IRQHandler                 0x080001cb   Thumb Code     0  startup_stm32f10x_md.o(.text)
    DMA1_Channel4_IRQHandler                 0x080001cb   Thumb Code     0  startup_stm32f10x_md.o(.text)
    DMA1_Channel5_IRQHandler                 0x080001cb   Thumb Code     0  startup_stm32f10x_md.o(.text)
    DMA1_Channel6_IRQHandler                 0x080001cb   Thumb Code     0  startup_stm32f10x_md.o(.text)
    DMA1_Channel7_IRQHandler                 0x080001cb   Thumb Code     0  startup_stm32f10x_md.o(.text)
    EXTI0_IRQHandler                         0x080001cb   Thumb Code     0  startup_stm32f10x_md.o(.text)
    EXTI15_10_IRQHandler                     0x080001cb   Thumb Code     0  startup_stm32f10x_md.o(.text)
    EXTI1_IRQHandler                         0x080001cb   Thumb Code     0  startup_stm32f10x_md.o(.text)
    EXTI2_IRQHandler                         0x080001cb   Thumb Code     0  startup_stm32f10x_md.o(.text)
    EXTI3_IRQHandler                         0x080001cb   Thumb Code     0  startup_stm32f10x_md.o(.text)
    EXTI4_IRQHandler                         0x080001cb   Thumb Code     0  startup_stm32f10x_md.o(.text)
    EXTI9_5_IRQHandler                       0x080001cb   Thumb Code     0  startup_stm32f10x_md.o(.text)
    FLASH_IRQHandler                         0x080001cb   Thumb Code     0  startup_stm32f10x_md.o(.text)
    I2C1_ER_IRQHandler                       0x080001cb   Thumb Code     0  startup_stm32f10x_md.o(.text)
    I2C1_EV_IRQHandler                       0x080001cb   Thumb Code     0  startup_stm32f10x_md.o(.text)
    I2C2_ER_IRQHandler                       0x080001cb   Thumb Code     0  startup_stm32f10x_md.o(.text)
    I2C2_EV_IRQHandler                       0x080001cb   Thumb Code     0  startup_stm32f10x_md.o(.text)
    PVD_IRQHandler                           0x080001cb   Thumb Code     0  startup_stm32f10x_md.o(.text)
    RCC_IRQHandler                           0x080001cb   Thumb Code     0  startup_stm32f10x_md.o(.text)
    RTCAlarm_IRQHandler                      0x080001cb   Thumb Code     0  startup_stm32f10x_md.o(.text)
    RTC_IRQHandler                           0x080001cb   Thumb Code     0  startup_stm32f10x_md.o(.text)
    SPI1_IRQHandler                          0x080001cb   Thumb Code     0  startup_stm32f10x_md.o(.text)
    SPI2_IRQHandler                          0x080001cb   Thumb Code     0  startup_stm32f10x_md.o(.text)
    TAMPER_IRQHandler                        0x080001cb   Thumb Code     0  startup_stm32f10x_md.o(.text)
    TIM1_BRK_IRQHandler                      0x080001cb   Thumb Code     0  startup_stm32f10x_md.o(.text)
    TIM1_CC_IRQHandler                       0x080001cb   Thumb Code     0  startup_stm32f10x_md.o(.text)
    TIM1_TRG_COM_IRQHandler                  0x080001cb   Thumb Code     0  startup_stm32f10x_md.o(.text)
    TIM2_IRQHandler                          0x080001cb   Thumb Code     0  startup_stm32f10x_md.o(.text)
    TIM4_IRQHandler                          0x080001cb   Thumb Code     0  startup_stm32f10x_md.o(.text)
    USART1_IRQHandler                        0x080001cb   Thumb Code     0  startup_stm32f10x_md.o(.text)
    USART3_IRQHandler                        0x080001cb   Thumb Code     0  startup_stm32f10x_md.o(.text)
    USBWakeUp_IRQHandler                     0x080001cb   Thumb Code     0  startup_stm32f10x_md.o(.text)
    USB_HP_CAN1_TX_IRQHandler                0x080001cb   Thumb Code     0  startup_stm32f10x_md.o(.text)
    USB_LP_CAN1_RX0_IRQHandler               0x080001cb   Thumb Code     0  startup_stm32f10x_md.o(.text)
    WWDG_IRQHandler                          0x080001cb   Thumb Code     0  startup_stm32f10x_md.o(.text)
    __user_initial_stackheap                 0x080001cd   Thumb Code     0  startup_stm32f10x_md.o(.text)
    OLED_Refresh                             0x080001ed   Thumb Code    70  minibalance.o(.text)
    DropOut_Loop                             0x08000233   Thumb Code    26  minibalance.o(.text)
    FallAlight_Loop                          0x0800024d   Thumb Code    48  minibalance.o(.text)
    Forward_Loop                             0x0800027d   Thumb Code    52  minibalance.o(.text)
    Flyoff_Loop                              0x080002b1   Thumb Code   102  minibalance.o(.text)
    Subject1                                 0x08000317   Thumb Code    46  minibalance.o(.text)
    delay_Loop                               0x08000345   Thumb Code    44  minibalance.o(.text)
    moto_init                                0x08000371   Thumb Code    48  minibalance.o(.text)
    para_init                                0x080003a1   Thumb Code    68  minibalance.o(.text)
    main                                     0x080003e5   Thumb Code   152  minibalance.o(.text)
    moto_single_test                         0x0800047d   Thumb Code    70  minibalance.o(.text)
    para_test                                0x080004c3   Thumb Code    18  minibalance.o(.text)
    Moto_para_test                           0x080004d5   Thumb Code    78  minibalance.o(.text)
    Balance_Loop                             0x08000523   Thumb Code    48  minibalance.o(.text)
    Subject2                                 0x08000553   Thumb Code    50  minibalance.o(.text)
    Subject3                                 0x08000585   Thumb Code    48  minibalance.o(.text)
    delay_init                               0x08000631   Thumb Code    56  delay.o(.text)
    delay_us                                 0x08000669   Thumb Code    56  delay.o(.text)
    delay_ms                                 0x080006a1   Thumb Code    56  delay.o(.text)
    MY_NVIC_SetVectorTable                   0x080006e1   Thumb Code    12  sys.o(.text)
    MY_NVIC_PriorityGroupConfig              0x080006ed   Thumb Code    36  sys.o(.text)
    MY_NVIC_Init                             0x08000711   Thumb Code   116  sys.o(.text)
    Ex_NVIC_Config                           0x08000785   Thumb Code   146  sys.o(.text)
    MYRCC_DeInit                             0x08000817   Thumb Code    90  sys.o(.text)
    Sys_Standby                              0x08000871   Thumb Code    68  sys.o(.text)
    Sys_Soft_Reset                           0x080008b5   Thumb Code    12  sys.o(.text)
    JTAG_Set                                 0x080008c1   Thumb Code    42  sys.o(.text)
    Stm32_Clock_Init                         0x080008eb   Thumb Code   134  sys.o(.text)
    _sys_exit                                0x0800099d   Thumb Code     6  usart.o(.text)
    fputc                                    0x080009a3   Thumb Code    56  usart.o(.text)
    usart1_send                              0x080009db   Thumb Code    22  usart.o(.text)
    uart_init                                0x080009f1   Thumb Code   182  usart.o(.text)
    LED_Init                                 0x08000ac1   Thumb Code    52  led.o(.text)
    Led_Flash                                0x08000af5   Thumb Code    34  led.o(.text)
    KEY_Init                                 0x08000b2d   Thumb Code    52  key.o(.text)
    click_N_Double                           0x08000b61   Thumb Code   132  key.o(.text)
    click                                    0x08000be5   Thumb Code    38  key.o(.text)
    OLED_WR_Byte                             0x08000c2d   Thumb Code    78  oled.o(.text)
    OLED_Refresh_Gram                        0x08000c7b   Thumb Code    70  oled.o(.text)
    OLED_Display_On                          0x08000cc1   Thumb Code    28  oled.o(.text)
    OLED_Display_Off                         0x08000cdd   Thumb Code    28  oled.o(.text)
    OLED_Clear                               0x08000cf9   Thumb Code    42  oled.o(.text)
    OLED_DrawPoint                           0x08000d23   Thumb Code   100  oled.o(.text)
    OLED_ShowChar                            0x08000d87   Thumb Code   158  oled.o(.text)
    oled_pow                                 0x08000e25   Thumb Code    22  oled.o(.text)
    OLED_ShowNumber                          0x08000e3b   Thumb Code   148  oled.o(.text)
    OLED_ShowString                          0x08000ecf   Thumb Code    68  oled.o(.text)
    OLED_Init                                0x08000f13   Thumb Code   404  oled.o(.text)
    Timer1_Init                              0x080010a9   Thumb Code    82  timer.o(.text)
    TIM2_Cap_Init                            0x080010fb   Thumb Code   138  timer.o(.text)
    TIM3_Cap_Init                            0x08001185   Thumb Code   192  timer.o(.text)
    Read_Distane                             0x08001245   Thumb Code   114  timer.o(.text)
    TIM3_IRQHandler                          0x080012b7   Thumb Code   186  timer.o(.text)
    MiniBalance_PWM_Init                     0x080013a1   Thumb Code   228  motor.o(.text)
    IIC_Init                                 0x08001491   Thumb Code    36  ioi2c.o(.text)
    IIC_Start                                0x080014b5   Thumb Code    92  ioi2c.o(.text)
    IIC_Stop                                 0x08001511   Thumb Code    64  ioi2c.o(.text)
    IIC_Wait_Ack                             0x08001551   Thumb Code    92  ioi2c.o(.text)
    IIC_Ack                                  0x080015ad   Thumb Code    68  ioi2c.o(.text)
    IIC_NAck                                 0x080015f1   Thumb Code    66  ioi2c.o(.text)
    IIC_Send_Byte                            0x08001633   Thumb Code    90  ioi2c.o(.text)
    i2cWrite                                 0x0800168d   Thumb Code    96  ioi2c.o(.text)
    IIC_Read_Byte                            0x080016ed   Thumb Code   100  ioi2c.o(.text)
    i2cRead                                  0x08001751   Thumb Code   118  ioi2c.o(.text)
    I2C_ReadOneByte                          0x080017c7   Thumb Code    70  ioi2c.o(.text)
    IICreadBytes                             0x0800180d   Thumb Code   116  ioi2c.o(.text)
    IICwriteBytes                            0x08001881   Thumb Code    70  ioi2c.o(.text)
    IICreadByte                              0x080018c7   Thumb Code    22  ioi2c.o(.text)
    IICwriteByte                             0x080018dd   Thumb Code    20  ioi2c.o(.text)
    IICwriteBits                             0x080018f1   Thumb Code   106  ioi2c.o(.text)
    IICwriteBit                              0x0800195b   Thumb Code    64  ioi2c.o(.text)
    usart2_send                              0x0800199d   Thumb Code    22  usart2.o(.text)
    uart2_init                               0x080019b3   Thumb Code   230  usart2.o(.text)
    USART2_IRQHandler                        0x08001a99   Thumb Code     8  usart2.o(.text)
    myabs                                    0x08001ab1   Thumb Code    14  control.o(.text)
    Xianfu_Import_Pwm                        0x08001abf   Thumb Code    26  control.o(.text)
    Set_Pwm                                  0x08001ad9   Thumb Code    90  control.o(.text)
    Moto_Balance                             0x08001b33   Thumb Code   632  control.o(.text)
    Key                                      0x08001dab   Thumb Code    26  control.o(.text)
    TIM1_UP_IRQHandler                       0x08001dc5   Thumb Code    38  control.o(.text)
    init_Set_Pwm                             0x08001deb   Thumb Code    54  control.o(.text)
    Xianfu_Pwm                               0x08001e21   Thumb Code   110  control.o(.text)
    Xianfu1_Pwm                              0x08001e8f   Thumb Code   178  control.o(.text)
    Turn_Off                                 0x08001f41   Thumb Code    68  control.o(.text)
    Moto_init_6000                           0x08001f85   Thumb Code    18  control.o(.text)
    Moto_Z_Balance                           0x08001f97   Thumb Code   510  control.o(.text)
    Moto_Balance_Up                          0x08002195   Thumb Code   592  control.o(.text)
    Moto_Balance_Down                        0x080023e5   Thumb Code   526  control.o(.text)
    Moto_Single_Output                       0x080025f3   Thumb Code    84  control.o(.text)
    Moto_Flyoff                              0x08002647   Thumb Code    88  control.o(.text)
    Moto_FallAlight                          0x0800269f   Thumb Code    14  control.o(.text)
    Set_All_Pwm                              0x080026ad   Thumb Code    18  control.o(.text)
    Moto_DropOut                             0x080026bf   Thumb Code    34  control.o(.text)
    Set_Accel                                0x080026e1   Thumb Code    64  control.o(.text)
    Moto_Fly_Control                         0x08002721   Thumb Code   132  control.o(.text)
    Set_All_Accel                            0x080027a5   Thumb Code    18  control.o(.text)
    Moto_Fly_Front                           0x080027b7   Thumb Code    16  control.o(.text)
    Moto_Fly_Rotation                        0x080027c7   Thumb Code    16  control.o(.text)
    mpu_reg_dump                             0x08002863   Thumb Code    72  inv_mpu.o(.text)
    mpu_read_reg                             0x080028ab   Thumb Code    66  inv_mpu.o(.text)
    mpu_set_int_latched                      0x080028ed   Thumb Code   102  inv_mpu.o(.text)
    mpu_set_sensors                          0x08002953   Thumb Code   202  inv_mpu.o(.text)
    mpu_set_bypass                           0x08002a1d   Thumb Code   328  inv_mpu.o(.text)
    mpu_reset_fifo                           0x08002b65   Thumb Code   444  inv_mpu.o(.text)
    mpu_configure_fifo                       0x08002d21   Thumb Code   106  inv_mpu.o(.text)
    mpu_set_lpf                              0x08002d8b   Thumb Code   126  inv_mpu.o(.text)
    mpu_lp_accel_mode                        0x08002e09   Thumb Code   218  inv_mpu.o(.text)
    mpu_set_sample_rate                      0x08002ee3   Thumb Code   152  inv_mpu.o(.text)
    mpu_set_accel_fsr                        0x08002f7b   Thumb Code   132  inv_mpu.o(.text)
    mpu_set_gyro_fsr                         0x08002fff   Thumb Code   132  inv_mpu.o(.text)
    mpu_init                                 0x08003083   Thumb Code   416  inv_mpu.o(.text)
    myget_ms                                 0x08003223   Thumb Code     2  inv_mpu.o(.text)
    mpu_get_gyro_reg                         0x08003225   Thumb Code   110  inv_mpu.o(.text)
    mpu_get_accel_reg                        0x08003293   Thumb Code   110  inv_mpu.o(.text)
    mpu_get_temperature                      0x08003301   Thumb Code   150  inv_mpu.o(.text)
    mpu_set_accel_bias                       0x08003397   Thumb Code   468  inv_mpu.o(.text)
    mpu_get_gyro_fsr                         0x0800356b   Thumb Code    64  inv_mpu.o(.text)
    mpu_get_accel_fsr                        0x080035ab   Thumb Code    72  inv_mpu.o(.text)
    mpu_get_lpf                              0x080035f3   Thumb Code    74  inv_mpu.o(.text)
    mpu_get_sample_rate                      0x0800363d   Thumb Code    26  inv_mpu.o(.text)
    mpu_get_compass_sample_rate              0x08003657   Thumb Code    10  inv_mpu.o(.text)
    mpu_set_compass_sample_rate              0x08003661   Thumb Code     8  inv_mpu.o(.text)
    mpu_get_gyro_sens                        0x08003669   Thumb Code    58  inv_mpu.o(.text)
    mpu_get_accel_sens                       0x080036a3   Thumb Code    78  inv_mpu.o(.text)
    mpu_get_fifo_config                      0x080036f1   Thumb Code    12  inv_mpu.o(.text)
    mpu_get_power_state                      0x080036fd   Thumb Code    22  inv_mpu.o(.text)
    mpu_get_int_status                       0x08003713   Thumb Code    64  inv_mpu.o(.text)
    mpu_read_fifo                            0x08003753   Thumb Code   520  inv_mpu.o(.text)
    mpu_read_fifo_stream                     0x0800395b   Thumb Code   186  inv_mpu.o(.text)
    mpu_set_int_level                        0x08003a15   Thumb Code    12  inv_mpu.o(.text)
    mpu_set_dmp_state                        0x080040f5   Thumb Code   138  inv_mpu.o(.text)
    mpu_run_self_test                        0x0800417f   Thumb Code   278  inv_mpu.o(.text)
    mpu_write_mem                            0x08004295   Thumb Code   122  inv_mpu.o(.text)
    mpu_read_mem                             0x0800430f   Thumb Code   122  inv_mpu.o(.text)
    mpu_load_firmware                        0x08004389   Thumb Code   190  inv_mpu.o(.text)
    mpu_get_dmp_state                        0x08004447   Thumb Code    14  inv_mpu.o(.text)
    mpu_get_compass_reg                      0x08004455   Thumb Code     8  inv_mpu.o(.text)
    mpu_get_compass_fsr                      0x0800445d   Thumb Code     8  inv_mpu.o(.text)
    mpu_lp_motion_interrupt                  0x08004465   Thumb Code   512  inv_mpu.o(.text)
    dmp_load_motion_driver_firmware          0x08004669   Thumb Code    20  inv_mpu_dmp_motion_driver.o(.text)
    dmp_set_orientation                      0x0800467d   Thumb Code   290  inv_mpu_dmp_motion_driver.o(.text)
    dmp_set_gyro_bias                        0x0800479f   Thumb Code   294  inv_mpu_dmp_motion_driver.o(.text)
    dmp_set_accel_bias                       0x080048c5   Thumb Code   300  inv_mpu_dmp_motion_driver.o(.text)
    dmp_set_fifo_rate                        0x080049f1   Thumb Code   136  inv_mpu_dmp_motion_driver.o(.text)
    dmp_get_fifo_rate                        0x08004a79   Thumb Code    12  inv_mpu_dmp_motion_driver.o(.text)
    dmp_set_tap_thresh                       0x08004a85   Thumb Code   396  inv_mpu_dmp_motion_driver.o(.text)
    dmp_set_tap_axes                         0x08004c11   Thumb Code    70  inv_mpu_dmp_motion_driver.o(.text)
    dmp_set_tap_count                        0x08004c57   Thumb Code    38  inv_mpu_dmp_motion_driver.o(.text)
    dmp_set_tap_time                         0x08004c7d   Thumb Code    38  inv_mpu_dmp_motion_driver.o(.text)
    dmp_set_tap_time_multi                   0x08004ca3   Thumb Code    38  inv_mpu_dmp_motion_driver.o(.text)
    dmp_set_shake_reject_thresh              0x08004cc9   Thumb Code    56  inv_mpu_dmp_motion_driver.o(.text)
    dmp_set_shake_reject_time                0x08004d01   Thumb Code    38  inv_mpu_dmp_motion_driver.o(.text)
    dmp_set_shake_reject_timeout             0x08004d27   Thumb Code    38  inv_mpu_dmp_motion_driver.o(.text)
    dmp_get_pedometer_step_count             0x08004d4d   Thumb Code    66  inv_mpu_dmp_motion_driver.o(.text)
    dmp_set_pedometer_step_count             0x08004d8f   Thumb Code    42  inv_mpu_dmp_motion_driver.o(.text)
    dmp_get_pedometer_walk_time              0x08004db9   Thumb Code    72  inv_mpu_dmp_motion_driver.o(.text)
    dmp_set_pedometer_walk_time              0x08004e01   Thumb Code    48  inv_mpu_dmp_motion_driver.o(.text)
    dmp_enable_6x_lp_quat                    0x08004e31   Thumb Code    84  inv_mpu_dmp_motion_driver.o(.text)
    dmp_enable_lp_quat                       0x08004e85   Thumb Code    60  inv_mpu_dmp_motion_driver.o(.text)
    dmp_enable_gyro_cal                      0x08004ec1   Thumb Code    62  inv_mpu_dmp_motion_driver.o(.text)
    dmp_enable_feature                       0x08004eff   Thumb Code   530  inv_mpu_dmp_motion_driver.o(.text)
    dmp_get_enabled_features                 0x08005111   Thumb Code    12  inv_mpu_dmp_motion_driver.o(.text)
    dmp_set_interrupt_mode                   0x0800517b   Thumb Code    66  inv_mpu_dmp_motion_driver.o(.text)
    dmp_read_fifo                            0x080051bd   Thumb Code   514  inv_mpu_dmp_motion_driver.o(.text)
    dmp_register_tap_cb                      0x080053bf   Thumb Code    10  inv_mpu_dmp_motion_driver.o(.text)
    dmp_register_android_orient_cb           0x080053c9   Thumb Code    10  inv_mpu_dmp_motion_driver.o(.text)
    MPU6050_newValues                        0x080054e5   Thumb Code   494  mpu6050.o(.text)
    MPU6050_setClockSource                   0x080056d3   Thumb Code    20  mpu6050.o(.text)
    MPU6050_setFullScaleGyroRange            0x080056e7   Thumb Code    20  mpu6050.o(.text)
    MPU6050_setFullScaleAccelRange           0x080056fb   Thumb Code    20  mpu6050.o(.text)
    MPU6050_setSleepEnabled                  0x0800570f   Thumb Code    18  mpu6050.o(.text)
    MPU6050_getDeviceID                      0x08005721   Thumb Code    20  mpu6050.o(.text)
    MPU6050_testConnection                   0x08005735   Thumb Code    18  mpu6050.o(.text)
    MPU6050_setI2CMasterModeEnabled          0x08005747   Thumb Code    18  mpu6050.o(.text)
    MPU6050_setI2CBypassEnabled              0x08005759   Thumb Code    18  mpu6050.o(.text)
    MPU6050_initialize                       0x0800576b   Thumb Code    40  mpu6050.o(.text)
    DMP_Init                                 0x08005793   Thumb Code   194  mpu6050.o(.text)
    Read_DMP                                 0x08005855   Thumb Code   980  mpu6050.o(.text)
    Read_Temperature                         0x08005c29   Thumb Code   110  mpu6050.o(.text)
    oled_show                                0x08005cc9   Thumb Code   294  show.o(.text)
    APP_Show                                 0x08005def   Thumb Code    28  show.o(.text)
    __use_no_semihosting                     0x08005e5d   Thumb Code     2  use_no_semi_2.o(.text)
    __aeabi_ldivmod                          0x08005e5f   Thumb Code     0  llsdiv.o(.text)
    _ll_sdiv                                 0x08005e5f   Thumb Code    72  llsdiv.o(.text)
    __2printf                                0x08005ea9   Thumb Code    20  noretval__2printf.o(.text)
    __printf                                 0x08005ec1   Thumb Code   104  __printf.o(.text)
    _printf_int_dec                          0x08005f29   Thumb Code   100  _printf_dec.o(.text)
    memcmp                                   0x08005f9d   Thumb Code    88  memcmp.o(.text)
    __aeabi_memset                           0x08005ff5   Thumb Code    16  aeabi_memset.o(.text)
    __use_two_region_memory                  0x08006005   Thumb Code     2  heapauxi.o(.text)
    __rt_heap_escrow$2region                 0x08006007   Thumb Code     2  heapauxi.o(.text)
    __rt_heap_expand$2region                 0x08006009   Thumb Code     2  heapauxi.o(.text)
    __I$use$semihosting                      0x0800600b   Thumb Code     0  use_no_semi.o(.text)
    __use_no_semihosting_swi                 0x0800600b   Thumb Code     2  use_no_semi.o(.text)
    __aeabi_uldivmod                         0x0800600d   Thumb Code     0  lludivv7m.o(.text)
    _ll_udiv                                 0x0800600d   Thumb Code   238  lludivv7m.o(.text)
    __read_errno                             0x080060fb   Thumb Code    10  _rserrno.o(.text)
    __set_errno                              0x08006105   Thumb Code    12  _rserrno.o(.text)
    _printf_int_common                       0x08006111   Thumb Code   178  _printf_intcommon.o(.text)
    __lib_sel_fp_printf                      0x080061c3   Thumb Code     2  _printf_fp_dec.o(.text)
    _printf_fp_dec_real                      0x08006371   Thumb Code   616  _printf_fp_dec.o(.text)
    _printf_char_file                        0x080065d9   Thumb Code    32  _printf_char_file.o(.text)
    __aeabi_memclr                           0x080065fd   Thumb Code     0  rt_memclr.o(.text)
    __rt_memclr                              0x080065fd   Thumb Code    68  rt_memclr.o(.text)
    _memset                                  0x08006601   Thumb Code     0  rt_memclr.o(.text)
    __rt_locale                              0x08006641   Thumb Code     8  rt_locale_intlibspace.o(.text)
    __aeabi_errno_addr                       0x08006649   Thumb Code     8  rt_errno_addr_intlibspace.o(.text)
    __errno$intlibspace                      0x08006649   Thumb Code     0  rt_errno_addr_intlibspace.o(.text)
    __rt_errno_addr$intlibspace              0x08006649   Thumb Code     0  rt_errno_addr_intlibspace.o(.text)
    _ll_udiv10                               0x08006651   Thumb Code   138  lludiv10.o(.text)
    _printf_char_common                      0x080066e7   Thumb Code    32  _printf_char_common.o(.text)
    _printf_fp_infnan                        0x0800670d   Thumb Code   112  _printf_fp_infnan.o(.text)
    _btod_etento                             0x0800678d   Thumb Code   212  bigflt0.o(.text)
    ferror                                   0x08006865   Thumb Code     8  ferror.o(.text)
    __aeabi_memclr4                          0x0800686d   Thumb Code     0  rt_memclr_w.o(.text)
    __aeabi_memclr8                          0x0800686d   Thumb Code     0  rt_memclr_w.o(.text)
    __rt_memclr_w                            0x0800686d   Thumb Code    78  rt_memclr_w.o(.text)
    _memset_w                                0x08006871   Thumb Code     0  rt_memclr_w.o(.text)
    __user_libspace                          0x080068bd   Thumb Code     8  libspace.o(.text)
    __user_perproc_libspace                  0x080068bd   Thumb Code     0  libspace.o(.text)
    __user_perthread_libspace                0x080068bd   Thumb Code     0  libspace.o(.text)
    __user_setup_stackheap                   0x080068c5   Thumb Code    74  sys_stackheap_outer.o(.text)
    exit                                     0x0800690f   Thumb Code    12  exit.o(.text)
    strcmp                                   0x0800691d   Thumb Code   128  strcmpv7m.o(.text)
    _btod_d2e                                0x0800699d   Thumb Code    62  btod.o(CL$$btod_d2e)
    _d2e_denorm_low                          0x080069db   Thumb Code    70  btod.o(CL$$btod_d2e_denorm_low)
    _d2e_norm_op1                            0x08006a21   Thumb Code    96  btod.o(CL$$btod_d2e_norm_op1)
    __btod_div_common                        0x08006a81   Thumb Code   696  btod.o(CL$$btod_div_common)
    _e2e                                     0x08006db9   Thumb Code   198  btod.o(CL$$btod_e2e)
    _btod_ediv                               0x08006e7f   Thumb Code    40  btod.o(CL$$btod_ediv)
    _btod_emul                               0x08006ea7   Thumb Code    40  btod.o(CL$$btod_emul)
    __btod_mult_common                       0x08006ecf   Thumb Code   580  btod.o(CL$$btod_mult_common)
    __ARM_fpclassify                         0x08007113   Thumb Code    40  fpclassify.o(i.__ARM_fpclassify)
    __kernel_poly                            0x0800713b   Thumb Code   170  poly.o(i.__kernel_poly)
    __mathlib_dbl_underflow                  0x080071e5   Thumb Code    10  dunder.o(i.__mathlib_dbl_underflow)
    asin                                     0x080071f5   Thumb Code   584  asin.o(i.asin)
    atan                                     0x08007471   Thumb Code   478  atan.o(i.atan)
    atan2                                    0x08007695   Thumb Code   346  atan2.o(i.atan2)
    sqrt                                     0x08007815   Thumb Code    76  sqrt.o(i.sqrt)
    _get_lc_numeric                          0x08007861   Thumb Code    44  lc_numeric_c.o(locale$$code)
    __aeabi_d2f                              0x0800788d   Thumb Code     0  d2f.o(x$fpl$d2f)
    _d2f                                     0x0800788d   Thumb Code    98  d2f.o(x$fpl$d2f)
    __aeabi_dadd                             0x080078f1   Thumb Code     0  daddsub_clz.o(x$fpl$dadd)
    _dadd                                    0x080078f1   Thumb Code   332  daddsub_clz.o(x$fpl$dadd)
    __fpl_dcheck_NaN1                        0x08007a41   Thumb Code    10  dcheck1.o(x$fpl$dcheck1)
    __aeabi_ddiv                             0x08007a51   Thumb Code     0  ddiv.o(x$fpl$ddiv)
    _ddiv                                    0x08007a51   Thumb Code   552  ddiv.o(x$fpl$ddiv)
    __aeabi_dmul                             0x08007d01   Thumb Code     0  dmul.o(x$fpl$dmul)
    _dmul                                    0x08007d01   Thumb Code   332  dmul.o(x$fpl$dmul)
    __fpl_dnaninf                            0x08007e55   Thumb Code   156  dnaninf.o(x$fpl$dnaninf)
    __fpl_dretinf                            0x08007ef1   Thumb Code    12  dretinf.o(x$fpl$dretinf)
    __aeabi_drsub                            0x08007efd   Thumb Code     0  daddsub_clz.o(x$fpl$drsb)
    _drsb                                    0x08007efd   Thumb Code    22  daddsub_clz.o(x$fpl$drsb)
    _dsqrt                                   0x08007f15   Thumb Code   456  dsqrt_noumaal.o(x$fpl$dsqrt)
    __aeabi_dsub                             0x080080e1   Thumb Code     0  daddsub_clz.o(x$fpl$dsub)
    _dsub                                    0x080080e1   Thumb Code   464  daddsub_clz.o(x$fpl$dsub)
    __aeabi_f2d                              0x080082b5   Thumb Code     0  f2d.o(x$fpl$f2d)
    _f2d                                     0x080082b5   Thumb Code    86  f2d.o(x$fpl$f2d)
    __aeabi_fadd                             0x0800830d   Thumb Code     0  faddsub_clz.o(x$fpl$fadd)
    _fadd                                    0x0800830d   Thumb Code   196  faddsub_clz.o(x$fpl$fadd)
    __fpl_fcmp_Inf                           0x080083d1   Thumb Code    24  fcmpi.o(x$fpl$fcmpinf)
    __aeabi_fdiv                             0x080083e9   Thumb Code     0  fdiv.o(x$fpl$fdiv)
    _fdiv                                    0x080083e9   Thumb Code   384  fdiv.o(x$fpl$fdiv)
    __aeabi_cfcmpeq                          0x0800856d   Thumb Code     0  feqf.o(x$fpl$feqf)
    _fcmpeq                                  0x0800856d   Thumb Code   104  feqf.o(x$fpl$feqf)
    __aeabi_f2iz                             0x080085d5   Thumb Code     0  ffix.o(x$fpl$ffix)
    _ffix                                    0x080085d5   Thumb Code    54  ffix.o(x$fpl$ffix)
    __aeabi_f2uiz                            0x0800860d   Thumb Code     0  ffixu.o(x$fpl$ffixu)
    _ffixu                                   0x0800860d   Thumb Code    62  ffixu.o(x$fpl$ffixu)
    __aeabi_i2f                              0x0800864d   Thumb Code     0  fflt_clz.o(x$fpl$fflt)
    _fflt                                    0x0800864d   Thumb Code    48  fflt_clz.o(x$fpl$fflt)
    __aeabi_ui2f                             0x0800867d   Thumb Code     0  fflt_clz.o(x$fpl$ffltu)
    _ffltu                                   0x0800867d   Thumb Code    38  fflt_clz.o(x$fpl$ffltu)
    __aeabi_cfcmple                          0x080086a5   Thumb Code     0  fleqf.o(x$fpl$fleqf)
    _fcmple                                  0x080086a5   Thumb Code   104  fleqf.o(x$fpl$fleqf)
    __fpl_fcmple_InfNaN                      0x080086f7   Thumb Code     0  fleqf.o(x$fpl$fleqf)
    __aeabi_fmul                             0x0800870d   Thumb Code     0  fmul.o(x$fpl$fmul)
    _fmul                                    0x0800870d   Thumb Code   258  fmul.o(x$fpl$fmul)
    __fpl_fnaninf                            0x0800880f   Thumb Code   140  fnaninf.o(x$fpl$fnaninf)
    __fpl_fretinf                            0x0800889b   Thumb Code    10  fretinf.o(x$fpl$fretinf)
    __aeabi_cfrcmple                         0x080088a5   Thumb Code     0  frleqf.o(x$fpl$frleqf)
    _frcmple                                 0x080088a5   Thumb Code    98  frleqf.o(x$fpl$frleqf)
    __aeabi_frsub                            0x08008907   Thumb Code     0  faddsub_clz.o(x$fpl$frsb)
    _frsb                                    0x08008907   Thumb Code    20  faddsub_clz.o(x$fpl$frsb)
    __aeabi_fsub                             0x0800891d   Thumb Code     0  faddsub_clz.o(x$fpl$fsub)
    _fsub                                    0x0800891d   Thumb Code   234  faddsub_clz.o(x$fpl$fsub)
    _printf_fp_dec                           0x08008a07   Thumb Code     4  printf1.o(x$fpl$printf1)
    __fpl_return_NaN                         0x08008a0b   Thumb Code   100  retnan.o(x$fpl$retnan)
    __ARM_scalbn                             0x08008a6f   Thumb Code    92  scalbn.o(x$fpl$scalbn)
    __fpl_cmpreturn                          0x08008acb   Thumb Code    48  trapv.o(x$fpl$trapveneer)
    __I$use$fp                               0x08008afa   Number         0  usenofp.o(x$fpl$usenofp)
    oled_asc2_1206                           0x08008afa   Data        1140  oled.o(.constdata)
    oled_asc2_1608                           0x08008f6e   Data        1520  oled.o(.constdata)
    hw                                       0x08009560   Data          12  inv_mpu.o(.constdata)
    reg                                      0x0800956c   Data          27  inv_mpu.o(.constdata)
    test                                     0x08009588   Data          40  inv_mpu.o(.constdata)
    __mathlib_zero                           0x0800a290   Data           8  qnan.o(.constdata)
    Region$$Table$$Base                      0x0800a37c   Number         0  anon$$obj.o(Region$$Table)
    Region$$Table$$Limit                     0x0800a39c   Number         0  anon$$obj.o(Region$$Table)
    Distance                                 0x20000000   Data           4  minibalance.o(.data)
    Way_Angle                                0x20000004   Data           1  minibalance.o(.data)
    Flag_Show                                0x20000005   Data           1  minibalance.o(.data)
    Flag_Stop                                0x20000006   Data           1  minibalance.o(.data)
    Moto_test                                0x20000008   Data           4  minibalance.o(.data)
    Moto_Stop_Flag                           0x2000000c   Data           4  minibalance.o(.data)
    Temperature                              0x20000010   Data           4  minibalance.o(.data)
    Moto1                                    0x20000014   Data           4  minibalance.o(.data)
    Moto2                                    0x20000018   Data           4  minibalance.o(.data)
    Moto3                                    0x2000001c   Data           4  minibalance.o(.data)
    Moto4                                    0x20000020   Data           4  minibalance.o(.data)
    k                                        0x20000024   Data           4  minibalance.o(.data)
    j                                        0x20000028   Data           4  minibalance.o(.data)
    Flyoff_Loop_num                          0x2000002c   Data           4  minibalance.o(.data)
    Forward_Loop_num                         0x20000030   Data           4  minibalance.o(.data)
    FallAlight_Loop_num                      0x20000034   Data           4  minibalance.o(.data)
    DropOut_Loop_num                         0x20000038   Data           4  minibalance.o(.data)
    Balance_Loop_num                         0x2000003c   Data           4  minibalance.o(.data)
    Fly_temp                                 0x20000040   Data           4  minibalance.o(.data)
    Balance_Pwm_test                         0x20000044   Data           4  minibalance.o(.data)
    DropOut_Height                           0x20000048   Data           4  minibalance.o(.data)
    I                                        0x2000004c   Data           4  minibalance.o(.data)
    Pp                                       0x20000050   Data           4  minibalance.o(.data)
    Pr                                       0x20000054   Data           4  minibalance.o(.data)
    D                                        0x20000058   Data           4  minibalance.o(.data)
    __stdout                                 0x20000060   Data           4  usart.o(.data)
    TIM3CH3_CAPTURE_STA                      0x20000070   Data           2  timer.o(.data)
    TIM3CH3_CAPTURE_VAL                      0x20000072   Data           2  timer.o(.data)
    SuspendPower                             0x20000074   Data           4  control.o(.data)
    TargetHeight                             0x20000078   Data           4  control.o(.data)
    Sensitive                                0x2000007c   Data           4  control.o(.data)
    Up_Out_Sensitive                         0x20000080   Data           4  control.o(.data)
    Ip                                       0x20000084   Data           4  control.o(.data)
    Ir                                       0x20000088   Data           4  control.o(.data)
    gyro                                     0x200000b8   Data           6  mpu6050.o(.data)
    accel                                    0x200000be   Data           6  mpu6050.o(.data)
    sensors                                  0x200000c4   Data           2  mpu6050.o(.data)
    Pitch                                    0x200000c8   Data           4  mpu6050.o(.data)
    Roll                                     0x200000cc   Data           4  mpu6050.o(.data)
    Yaw                                      0x200000d0   Data           4  mpu6050.o(.data)
    q0                                       0x200000d4   Data           4  mpu6050.o(.data)
    q1                                       0x200000d8   Data           4  mpu6050.o(.data)
    q2                                       0x200000dc   Data           4  mpu6050.o(.data)
    q3                                       0x200000e0   Data           4  mpu6050.o(.data)
    Gx_offset                                0x200000ee   Data           2  mpu6050.o(.data)
    Gy_offset                                0x200000f0   Data           2  mpu6050.o(.data)
    Gz_offset                                0x200000f2   Data           2  mpu6050.o(.data)
    OLED_GRAM                                0x200000f4   Data        1024  oled.o(.bss)
    buffer                                   0x20000504   Data          14  mpu6050.o(.bss)
    MPU6050_FIFO                             0x20000512   Data         132  mpu6050.o(.bss)
    __libspace_start                         0x20000598   Data          96  libspace.o(.bss)
    __temporary_stack_top$libspace           0x200005f8   Data           0  libspace.o(.bss)



==============================================================================

Memory Map of the image

  Image Entry point : 0x080000ed

  Load Region LR_IROM1 (Base: 0x08000000, Size: 0x0000a4ac, Max: 0x00010000, ABSOLUTE)

    Execution Region ER_IROM1 (Base: 0x08000000, Size: 0x0000a3b8, Max: 0x00010000, ABSOLUTE)

    Base Addr    Size         Type   Attr      Idx    E Section Name        Object

    0x08000000   0x000000ec   Data   RO            3    RESET               startup_stm32f10x_md.o
    0x080000ec   0x00000008   Code   RO          519  * !!!main             c_w.l(__main.o)
    0x080000f4   0x00000034   Code   RO          878    !!!scatter          c_w.l(__scatter.o)
    0x08000128   0x0000001a   Code   RO          880    !!handler_copy      c_w.l(__scatter_copy.o)
    0x08000142   0x00000002   PAD
    0x08000144   0x0000001c   Code   RO          882    !!handler_zi        c_w.l(__scatter_zi.o)
    0x08000160   0x00000000   Code   RO          512    .ARM.Collect$$_printf_percent$$00000000  c_w.l(_printf_percent.o)
    0x08000160   0x00000006   Code   RO          511    .ARM.Collect$$_printf_percent$$00000003  c_w.l(_printf_f.o)
    0x08000166   0x00000006   Code   RO          510    .ARM.Collect$$_printf_percent$$00000009  c_w.l(_printf_d.o)
    0x0800016c   0x00000004   Code   RO          612    .ARM.Collect$$_printf_percent$$00000017  c_w.l(_printf_percent_end.o)
    0x08000170   0x00000002   Code   RO          748    .ARM.Collect$$libinit$$00000000  c_w.l(libinit.o)
    0x08000172   0x00000000   Code   RO          750    .ARM.Collect$$libinit$$00000002  c_w.l(libinit2.o)
    0x08000172   0x00000000   Code   RO          753    .ARM.Collect$$libinit$$00000008  c_w.l(libinit2.o)
    0x08000172   0x00000000   Code   RO          755    .ARM.Collect$$libinit$$0000000A  c_w.l(libinit2.o)
    0x08000172   0x00000000   Code   RO          757    .ARM.Collect$$libinit$$0000000C  c_w.l(libinit2.o)
    0x08000172   0x00000006   Code   RO          758    .ARM.Collect$$libinit$$0000000D  c_w.l(libinit2.o)
    0x08000178   0x00000000   Code   RO          760    .ARM.Collect$$libinit$$0000000F  c_w.l(libinit2.o)
    0x08000178   0x00000000   Code   RO          762    .ARM.Collect$$libinit$$00000011  c_w.l(libinit2.o)
    0x08000178   0x00000000   Code   RO          764    .ARM.Collect$$libinit$$00000013  c_w.l(libinit2.o)
    0x08000178   0x0000000a   Code   RO          765    .ARM.Collect$$libinit$$00000014  c_w.l(libinit2.o)
    0x08000182   0x00000000   Code   RO          766    .ARM.Collect$$libinit$$00000015  c_w.l(libinit2.o)
    0x08000182   0x00000000   Code   RO          768    .ARM.Collect$$libinit$$00000017  c_w.l(libinit2.o)
    0x08000182   0x00000000   Code   RO          770    .ARM.Collect$$libinit$$00000019  c_w.l(libinit2.o)
    0x08000182   0x00000000   Code   RO          772    .ARM.Collect$$libinit$$0000001B  c_w.l(libinit2.o)
    0x08000182   0x00000000   Code   RO          774    .ARM.Collect$$libinit$$0000001D  c_w.l(libinit2.o)
    0x08000182   0x00000000   Code   RO          776    .ARM.Collect$$libinit$$0000001F  c_w.l(libinit2.o)
    0x08000182   0x00000000   Code   RO          778    .ARM.Collect$$libinit$$00000021  c_w.l(libinit2.o)
    0x08000182   0x00000000   Code   RO          780    .ARM.Collect$$libinit$$00000023  c_w.l(libinit2.o)
    0x08000182   0x00000000   Code   RO          784    .ARM.Collect$$libinit$$0000002A  c_w.l(libinit2.o)
    0x08000182   0x00000000   Code   RO          786    .ARM.Collect$$libinit$$0000002C  c_w.l(libinit2.o)
    0x08000182   0x00000000   Code   RO          788    .ARM.Collect$$libinit$$0000002E  c_w.l(libinit2.o)
    0x08000182   0x00000000   Code   RO          790    .ARM.Collect$$libinit$$00000030  c_w.l(libinit2.o)
    0x08000182   0x00000002   Code   RO          791    .ARM.Collect$$libinit$$00000031  c_w.l(libinit2.o)
    0x08000184   0x00000002   Code   RO          839    .ARM.Collect$$libshutdown$$00000000  c_w.l(libshutdown.o)
    0x08000186   0x00000000   Code   RO          849    .ARM.Collect$$libshutdown$$00000003  c_w.l(libshutdown2.o)
    0x08000186   0x00000000   Code   RO          852    .ARM.Collect$$libshutdown$$00000006  c_w.l(libshutdown2.o)
    0x08000186   0x00000000   Code   RO          855    .ARM.Collect$$libshutdown$$00000009  c_w.l(libshutdown2.o)
    0x08000186   0x00000000   Code   RO          857    .ARM.Collect$$libshutdown$$0000000B  c_w.l(libshutdown2.o)
    0x08000186   0x00000000   Code   RO          860    .ARM.Collect$$libshutdown$$0000000E  c_w.l(libshutdown2.o)
    0x08000186   0x00000002   Code   RO          861    .ARM.Collect$$libshutdown$$0000000F  c_w.l(libshutdown2.o)
    0x08000188   0x00000000   Code   RO          601    .ARM.Collect$$rtentry$$00000000  c_w.l(rtentry.o)
    0x08000188   0x00000000   Code   RO          654    .ARM.Collect$$rtentry$$00000002  c_w.l(rtentry2.o)
    0x08000188   0x00000006   Code   RO          666    .ARM.Collect$$rtentry$$00000004  c_w.l(rtentry4.o)
    0x0800018e   0x00000000   Code   RO          656    .ARM.Collect$$rtentry$$00000009  c_w.l(rtentry2.o)
    0x0800018e   0x00000004   Code   RO          657    .ARM.Collect$$rtentry$$0000000A  c_w.l(rtentry2.o)
    0x08000192   0x00000000   Code   RO          659    .ARM.Collect$$rtentry$$0000000C  c_w.l(rtentry2.o)
    0x08000192   0x00000008   Code   RO          660    .ARM.Collect$$rtentry$$0000000D  c_w.l(rtentry2.o)
    0x0800019a   0x00000002   Code   RO          796    .ARM.Collect$$rtexit$$00000000  c_w.l(rtexit.o)
    0x0800019c   0x00000000   Code   RO          809    .ARM.Collect$$rtexit$$00000002  c_w.l(rtexit2.o)
    0x0800019c   0x00000004   Code   RO          810    .ARM.Collect$$rtexit$$00000003  c_w.l(rtexit2.o)
    0x080001a0   0x00000006   Code   RO          811    .ARM.Collect$$rtexit$$00000004  c_w.l(rtexit2.o)
    0x080001a6   0x00000002   PAD
    0x080001a8   0x0000000c   Code   RO          143    .emb_text           sys.o
    0x080001b4   0x00000038   Code   RO            4    .text               startup_stm32f10x_md.o
    0x080001ec   0x00000444   Code   RO           10    .text               minibalance.o
    0x08000630   0x000000b0   Code   RO          125    .text               delay.o
    0x080006e0   0x000002bc   Code   RO          144    .text               sys.o
    0x0800099c   0x00000124   Code   RO          159    .text               usart.o
    0x08000ac0   0x0000006c   Code   RO          184    .text               led.o
    0x08000b2c   0x00000100   Code   RO          197    .text               key.o
    0x08000c2c   0x0000047a   Code   RO          210    .text               oled.o
    0x080010a6   0x00000002   PAD
    0x080010a8   0x000002f8   Code   RO          244    .text               timer.o
    0x080013a0   0x000000f0   Code   RO          259    .text               motor.o
    0x08001490   0x0000050a   Code   RO          283    .text               ioi2c.o
    0x0800199a   0x00000002   PAD
    0x0800199c   0x00000114   Code   RO          322    .text               usart2.o
    0x08001ab0   0x00000d26   Code   RO          334    .text               control.o
    0x080027d6   0x00000002   PAD
    0x080027d8   0x00001e90   Code   RO          375    .text               inv_mpu.o
    0x08004668   0x00000d70   Code   RO          399    .text               inv_mpu_dmp_motion_driver.o
    0x080053d8   0x000008f0   Code   RO          433    .text               mpu6050.o
    0x08005cc8   0x00000194   Code   RO          461    .text               show.o
    0x08005e5c   0x00000002   Code   RO          478    .text               c_w.l(use_no_semi_2.o)
    0x08005e5e   0x00000048   Code   RO          480    .text               c_w.l(llsdiv.o)
    0x08005ea6   0x00000002   PAD
    0x08005ea8   0x00000018   Code   RO          484    .text               c_w.l(noretval__2printf.o)
    0x08005ec0   0x00000068   Code   RO          486    .text               c_w.l(__printf.o)
    0x08005f28   0x00000074   Code   RO          488    .text               c_w.l(_printf_dec.o)
    0x08005f9c   0x00000058   Code   RO          513    .text               c_w.l(memcmp.o)
    0x08005ff4   0x00000010   Code   RO          515    .text               c_w.l(aeabi_memset.o)
    0x08006004   0x00000006   Code   RO          517    .text               c_w.l(heapauxi.o)
    0x0800600a   0x00000002   Code   RO          599    .text               c_w.l(use_no_semi.o)
    0x0800600c   0x000000ee   Code   RO          602    .text               c_w.l(lludivv7m.o)
    0x080060fa   0x00000016   Code   RO          604    .text               c_w.l(_rserrno.o)
    0x08006110   0x000000b2   Code   RO          606    .text               c_w.l(_printf_intcommon.o)
    0x080061c2   0x00000416   Code   RO          608    .text               c_w.l(_printf_fp_dec.o)
    0x080065d8   0x00000024   Code   RO          610    .text               c_w.l(_printf_char_file.o)
    0x080065fc   0x00000044   Code   RO          613    .text               c_w.l(rt_memclr.o)
    0x08006640   0x00000008   Code   RO          675    .text               c_w.l(rt_locale_intlibspace.o)
    0x08006648   0x00000008   Code   RO          680    .text               c_w.l(rt_errno_addr_intlibspace.o)
    0x08006650   0x0000008a   Code   RO          682    .text               c_w.l(lludiv10.o)
    0x080066da   0x00000002   PAD
    0x080066dc   0x00000030   Code   RO          684    .text               c_w.l(_printf_char_common.o)
    0x0800670c   0x00000080   Code   RO          686    .text               c_w.l(_printf_fp_infnan.o)
    0x0800678c   0x000000d8   Code   RO          688    .text               c_w.l(bigflt0.o)
    0x08006864   0x00000008   Code   RO          713    .text               c_w.l(ferror.o)
    0x0800686c   0x0000004e   Code   RO          720    .text               c_w.l(rt_memclr_w.o)
    0x080068ba   0x00000002   PAD
    0x080068bc   0x00000008   Code   RO          730    .text               c_w.l(libspace.o)
    0x080068c4   0x0000004a   Code   RO          733    .text               c_w.l(sys_stackheap_outer.o)
    0x0800690e   0x0000000c   Code   RO          739    .text               c_w.l(exit.o)
    0x0800691a   0x00000002   PAD
    0x0800691c   0x00000080   Code   RO          741    .text               c_w.l(strcmpv7m.o)
    0x0800699c   0x0000003e   Code   RO          691    CL$$btod_d2e        c_w.l(btod.o)
    0x080069da   0x00000046   Code   RO          693    CL$$btod_d2e_denorm_low  c_w.l(btod.o)
    0x08006a20   0x00000060   Code   RO          692    CL$$btod_d2e_norm_op1  c_w.l(btod.o)
    0x08006a80   0x00000338   Code   RO          701    CL$$btod_div_common  c_w.l(btod.o)
    0x08006db8   0x000000c6   Code   RO          698    CL$$btod_e2e        c_w.l(btod.o)
    0x08006e7e   0x00000028   Code   RO          695    CL$$btod_ediv       c_w.l(btod.o)
    0x08006ea6   0x00000028   Code   RO          694    CL$$btod_emul       c_w.l(btod.o)
    0x08006ece   0x00000244   Code   RO          700    CL$$btod_mult_common  c_w.l(btod.o)
    0x08007112   0x00000028   Code   RO          640    i.__ARM_fpclassify  m_ws.l(fpclassify.o)
    0x0800713a   0x000000aa   Code   RO          642    i.__kernel_poly     m_ws.l(poly.o)
    0x080071e4   0x00000010   Code   RO          638    i.__mathlib_dbl_underflow  m_ws.l(dunder.o)
    0x080071f4   0x0000027c   Code   RO          582    i.asin              m_ws.l(asin.o)
    0x08007470   0x00000224   Code   RO          629    i.atan              m_ws.l(atan.o)
    0x08007694   0x00000180   Code   RO          592    i.atan2             m_ws.l(atan2.o)
    0x08007814   0x0000004c   Code   RO          646    i.sqrt              m_ws.l(sqrt.o)
    0x08007860   0x0000002c   Code   RO          718    locale$$code        c_w.l(lc_numeric_c.o)
    0x0800788c   0x00000062   Code   RO          521    x$fpl$d2f           fz_ws.l(d2f.o)
    0x080078ee   0x00000002   PAD
    0x080078f0   0x00000150   Code   RO          523    x$fpl$dadd          fz_ws.l(daddsub_clz.o)
    0x08007a40   0x00000010   Code   RO          722    x$fpl$dcheck1       fz_ws.l(dcheck1.o)
    0x08007a50   0x000002b0   Code   RO          530    x$fpl$ddiv          fz_ws.l(ddiv.o)
    0x08007d00   0x00000154   Code   RO          543    x$fpl$dmul          fz_ws.l(dmul.o)
    0x08007e54   0x0000009c   Code   RO          615    x$fpl$dnaninf       fz_ws.l(dnaninf.o)
    0x08007ef0   0x0000000c   Code   RO          617    x$fpl$dretinf       fz_ws.l(dretinf.o)
    0x08007efc   0x00000016   Code   RO          524    x$fpl$drsb          fz_ws.l(daddsub_clz.o)
    0x08007f12   0x00000002   PAD
    0x08007f14   0x000001cc   Code   RO          726    x$fpl$dsqrt         fz_ws.l(dsqrt_noumaal.o)
    0x080080e0   0x000001d4   Code   RO          525    x$fpl$dsub          fz_ws.l(daddsub_clz.o)
    0x080082b4   0x00000056   Code   RO          545    x$fpl$f2d           fz_ws.l(f2d.o)
    0x0800830a   0x00000002   PAD
    0x0800830c   0x000000c4   Code   RO          547    x$fpl$fadd          fz_ws.l(faddsub_clz.o)
    0x080083d0   0x00000018   Code   RO          619    x$fpl$fcmpinf       fz_ws.l(fcmpi.o)
    0x080083e8   0x00000184   Code   RO          554    x$fpl$fdiv          fz_ws.l(fdiv.o)
    0x0800856c   0x00000068   Code   RO          557    x$fpl$feqf          fz_ws.l(feqf.o)
    0x080085d4   0x00000036   Code   RO          559    x$fpl$ffix          fz_ws.l(ffix.o)
    0x0800860a   0x00000002   PAD
    0x0800860c   0x0000003e   Code   RO          563    x$fpl$ffixu         fz_ws.l(ffixu.o)
    0x0800864a   0x00000002   PAD
    0x0800864c   0x00000030   Code   RO          568    x$fpl$fflt          fz_ws.l(fflt_clz.o)
    0x0800867c   0x00000026   Code   RO          567    x$fpl$ffltu         fz_ws.l(fflt_clz.o)
    0x080086a2   0x00000002   PAD
    0x080086a4   0x00000068   Code   RO          573    x$fpl$fleqf         fz_ws.l(fleqf.o)
    0x0800870c   0x00000102   Code   RO          575    x$fpl$fmul          fz_ws.l(fmul.o)
    0x0800880e   0x0000008c   Code   RO          621    x$fpl$fnaninf       fz_ws.l(fnaninf.o)
    0x0800889a   0x0000000a   Code   RO          623    x$fpl$fretinf       fz_ws.l(fretinf.o)
    0x080088a4   0x00000062   Code   RO          577    x$fpl$frleqf        fz_ws.l(frleqf.o)
    0x08008906   0x00000014   Code   RO          548    x$fpl$frsb          fz_ws.l(faddsub_clz.o)
    0x0800891a   0x00000002   PAD
    0x0800891c   0x000000ea   Code   RO          549    x$fpl$fsub          fz_ws.l(faddsub_clz.o)
    0x08008a06   0x00000004   Code   RO          579    x$fpl$printf1       fz_ws.l(printf1.o)
    0x08008a0a   0x00000064   Code   RO          794    x$fpl$retnan        fz_ws.l(retnan.o)
    0x08008a6e   0x0000005c   Code   RO          625    x$fpl$scalbn        fz_ws.l(scalbn.o)
    0x08008aca   0x00000030   Code   RO          806    x$fpl$trapveneer    fz_ws.l(trapv.o)
    0x08008afa   0x00000000   Code   RO          627    x$fpl$usenofp       fz_ws.l(usenofp.o)
    0x08008afa   0x00000a64   Data   RO          212    .constdata          oled.o
    0x0800955e   0x00000002   PAD
    0x08009560   0x00000050   Data   RO          376    .constdata          inv_mpu.o
    0x080095b0   0x00000bf6   Data   RO          401    .constdata          inv_mpu_dmp_motion_driver.o
    0x0800a1a6   0x00000002   PAD
    0x0800a1a8   0x00000050   Data   RO          583    .constdata          m_ws.l(asin.o)
    0x0800a1f8   0x00000098   Data   RO          630    .constdata          m_ws.l(atan.o)
    0x0800a290   0x00000008   Data   RO          644    .constdata          m_ws.l(qnan.o)
    0x0800a298   0x00000094   Data   RO          689    .constdata          c_w.l(bigflt0.o)
    0x0800a32c   0x0000004e   Data   RO          377    .conststring        inv_mpu.o
    0x0800a37a   0x00000002   PAD
    0x0800a37c   0x00000020   Data   RO          876    Region$$Table       anon$$obj.o
    0x0800a39c   0x0000001c   Data   RO          717    locale$$data        c_w.l(lc_numeric_c.o)


    Execution Region RW_IRAM1 (Base: 0x20000000, Size: 0x00000bf8, Max: 0x00005000, ABSOLUTE)

    Base Addr    Size         Type   Attr      Idx    E Section Name        Object

    0x20000000   0x0000005c   Data   RW           11    .data               minibalance.o
    0x2000005c   0x00000004   Data   RW          126    .data               delay.o
    0x20000060   0x00000004   Data   RW          160    .data               usart.o
    0x20000064   0x00000004   Data   RW          185    .data               led.o
    0x20000068   0x00000007   Data   RW          198    .data               key.o
    0x2000006f   0x00000001   PAD
    0x20000070   0x00000004   Data   RW          245    .data               timer.o
    0x20000074   0x00000018   Data   RW          335    .data               control.o
    0x2000008c   0x0000002c   Data   RW          378    .data               inv_mpu.o
    0x200000b8   0x0000003c   Data   RW          435    .data               mpu6050.o
    0x200000f4   0x00000400   Zero   RW          211    .bss                oled.o
    0x200004f4   0x00000010   Zero   RW          400    .bss                inv_mpu_dmp_motion_driver.o
    0x20000504   0x00000092   Zero   RW          434    .bss                mpu6050.o
    0x20000596   0x00000002   PAD
    0x20000598   0x00000060   Zero   RW          731    .bss                c_w.l(libspace.o)
    0x200005f8   0x00000200   Zero   RW            2    HEAP                startup_stm32f10x_md.o
    0x200007f8   0x00000400   Zero   RW            1    STACK               startup_stm32f10x_md.o


==============================================================================

Image component sizes


      Code (inc. data)   RO Data    RW Data    ZI Data      Debug   Object Name

      3366        198          0         24          0       5730   control.o
       176          8          0          4          0       1259   delay.o
      7824        172        158         44          0      21219   inv_mpu.o
      3440        126       3062          0         16      15103   inv_mpu_dmp_motion_driver.o
      1290         16          0          0          0       5642   ioi2c.o
       256         34          0          7          0       1152   key.o
       108         22          0          4          0        749   led.o
      1092        124          0         92          0     210407   minibalance.o
       240         12          0          0          0        715   motor.o
      2288        456          0         60        146      21234   mpu6050.o
      1146         46       2660          0       1024       4879   oled.o
       404         82          0          0          0        813   show.o
        56         22        236          0       1536        860   startup_stm32f10x_md.o
       712         44          0          0          0       2919   sys.o
       760         48          0          4          0       2029   timer.o
       292         26          0          4          0       3270   usart.o
       276         16          0          0          0       1131   usart2.o

    ----------------------------------------------------------------------
     23732       1452       6154        244       2724     299111   Object Totals
         0          0         32          0          0          0   (incl. Generated)
         6          0          6          1          2          0   (incl. Padding)

    ----------------------------------------------------------------------

      Code (inc. data)   RO Data    RW Data    ZI Data      Debug   Library Member Name

         8          0          0          0          0         68   __main.o
       104          0          0          0          0         84   __printf.o
        52          8          0          0          0          0   __scatter.o
        26          0          0          0          0          0   __scatter_copy.o
        28          0          0          0          0          0   __scatter_zi.o
        48          6          0          0          0         96   _printf_char_common.o
        36          4          0          0          0         80   _printf_char_file.o
         6          0          0          0          0          0   _printf_d.o
       116         16          0          0          0         92   _printf_dec.o
         6          0          0          0          0          0   _printf_f.o
      1046          0          0          0          0        216   _printf_fp_dec.o
       128         16          0          0          0         84   _printf_fp_infnan.o
       178          0          0          0          0         88   _printf_intcommon.o
         0          0          0          0          0          0   _printf_percent.o
         4          0          0          0          0          0   _printf_percent_end.o
        22          0          0          0          0        100   _rserrno.o
        16          0          0          0          0         68   aeabi_memset.o
       216          4        148          0          0         96   bigflt0.o
      1910        128          0          0          0        672   btod.o
        12          0          0          0          0         72   exit.o
         8          0          0          0          0         68   ferror.o
         6          0          0          0          0        152   heapauxi.o
        44         10         28          0          0         76   lc_numeric_c.o
         2          0          0          0          0          0   libinit.o
        18          0          0          0          0          0   libinit2.o
         2          0          0          0          0          0   libshutdown.o
         2          0          0          0          0          0   libshutdown2.o
         8          4          0          0         96         68   libspace.o
        72          0          0          0          0         76   llsdiv.o
       138          0          0          0          0         80   lludiv10.o
       238          0          0          0          0        100   lludivv7m.o
        88          0          0          0          0         76   memcmp.o
        24          4          0          0          0         84   noretval__2printf.o
         8          4          0          0          0         68   rt_errno_addr_intlibspace.o
         8          4          0          0          0         68   rt_locale_intlibspace.o
        68          0          0          0          0         68   rt_memclr.o
        78          0          0          0          0         80   rt_memclr_w.o
         0          0          0          0          0          0   rtentry.o
        12          0          0          0          0          0   rtentry2.o
         6          0          0          0          0          0   rtentry4.o
         2          0          0          0          0          0   rtexit.o
        10          0          0          0          0          0   rtexit2.o
       128          0          0          0          0         68   strcmpv7m.o
        74          0          0          0          0         80   sys_stackheap_outer.o
         2          0          0          0          0         68   use_no_semi.o
         2          0          0          0          0         68   use_no_semi_2.o
        98          4          0          0          0         92   d2f.o
       826         16          0          0          0        348   daddsub_clz.o
        16          4          0          0          0         68   dcheck1.o
       688        140          0          0          0        208   ddiv.o
       340         12          0          0          0        104   dmul.o
       156          4          0          0          0         92   dnaninf.o
        12          0          0          0          0         68   dretinf.o
       460         56          0          0          0        120   dsqrt_noumaal.o
        86          4          0          0          0         84   f2d.o
       450          8          0          0          0        236   faddsub_clz.o
        24          0          0          0          0         68   fcmpi.o
       388         76          0          0          0         96   fdiv.o
       104          4          0          0          0         84   feqf.o
        54          4          0          0          0         84   ffix.o
        62          4          0          0          0         84   ffixu.o
        86          0          0          0          0        136   fflt_clz.o
       104          4          0          0          0         84   fleqf.o
       258          4          0          0          0         84   fmul.o
       140          4          0          0          0         84   fnaninf.o
        10          0          0          0          0         68   fretinf.o
        98          0          0          0          0         68   frleqf.o
         4          0          0          0          0         68   printf1.o
       100          0          0          0          0         68   retnan.o
        92          0          0          0          0         68   scalbn.o
        48          0          0          0          0         68   trapv.o
         0          0          0          0          0          0   usenofp.o
       636         52         80          0          0        168   asin.o
       548         70        152          0          0        124   atan.o
       384         38          0          0          0        144   atan2.o
        16          6          0          0          0         68   dunder.o
        40          0          0          0          0         68   fpclassify.o
       170          0          0          0          0         96   poly.o
         0          0          8          0          0          0   qnan.o
        76          0          0          0          0         84   sqrt.o

    ----------------------------------------------------------------------
     11610        722        416          0         96       6548   Library Totals
        26          0          0          0          0          0   (incl. Padding)

    ----------------------------------------------------------------------

      Code (inc. data)   RO Data    RW Data    ZI Data      Debug   Library Name

      5010        208        176          0         96       3164   c_w.l
      4704        348          0          0          0       2632   fz_ws.l
      1870        166        240          0          0        752   m_ws.l

    ----------------------------------------------------------------------
     11610        722        416          0         96       6548   Library Totals

    ----------------------------------------------------------------------

==============================================================================


      Code (inc. data)   RO Data    RW Data    ZI Data      Debug   

     35342       2174       6570        244       2820     300507   Grand Totals
     35342       2174       6570        244       2820     300507   ELF Image Totals
     35342       2174       6570        244          0          0   ROM Totals

==============================================================================

    Total RO  Size (Code + RO Data)                41912 (  40.93kB)
    Total RW  Size (RW Data + ZI Data)              3064 (   2.99kB)
    Total ROM Size (Code + RO Data + RW Data)      42156 (  41.17kB)

==============================================================================

